<?xml version='1.0' encoding='UTF-8' standalone='no'?>
<doxygen xmlns:xsi="http://www.w3.org/2001/XMLSchema-instance" xsi:noNamespaceSchemaLocation="compound.xsd" version="1.8.17">
  <compounddef id="structsrsgnb_1_1detail_1_1is__expected" kind="struct" language="C++" prot="public">
    <compoundname>srsgnb::detail::is_expected</compoundname>
    <basecompoundref prot="public" virt="non-virtual">false_type</basecompoundref>
    <templateparamlist>
      <param>
        <type>typename T</type>
      </param>
    </templateparamlist>
    <briefdescription>
    </briefdescription>
    <detaileddescription>
    </detaileddescription>
    <inheritancegraph>
      <node id="2">
        <label>false_type</label>
      </node>
      <node id="1">
        <label>srsgnb::detail::is_expected&lt; T &gt;</label>
        <link refid="structsrsgnb_1_1detail_1_1is__expected"/>
        <childnode refid="2" relation="public-inheritance">
        </childnode>
      </node>
    </inheritancegraph>
    <collaborationgraph>
      <node id="2">
        <label>false_type</label>
      </node>
      <node id="1">
        <label>srsgnb::detail::is_expected&lt; T &gt;</label>
        <link refid="structsrsgnb_1_1detail_1_1is__expected"/>
        <childnode refid="2" relation="public-inheritance">
        </childnode>
      </node>
    </collaborationgraph>
    <location file="include/srsgnb/adt/expected.h" line="27" column="34" bodyfile="include/srsgnb/adt/expected.h" bodystart="27" bodyend="28"/>
    <listofallmembers>
    </listofallmembers>
  </compounddef>
</doxygen>
